Archive member included to satisfy reference by file (symbol)

d:/electronics/tools/atmel/7.0/toolchain/avr8/avr8-gnu-toolchain/bin/../lib/gcc/avr/4.9.2/../../../../avr/lib/avr4\libm.a(fixunssfsi.o)
                              BathroomController.o (__fixunssfsi)
d:/electronics/tools/atmel/7.0/toolchain/avr8/avr8-gnu-toolchain/bin/../lib/gcc/avr/4.9.2/../../../../avr/lib/avr4\libm.a(floatsisf.o)
                              BathroomController.o (__floatunsisf)
d:/electronics/tools/atmel/7.0/toolchain/avr8/avr8-gnu-toolchain/bin/../lib/gcc/avr/4.9.2/../../../../avr/lib/avr4\libm.a(fp_split3.o)
                              d:/electronics/tools/atmel/7.0/toolchain/avr8/avr8-gnu-toolchain/bin/../lib/gcc/avr/4.9.2/../../../../avr/lib/avr4\libm.a(fixunssfsi.o) (__fp_splitA)
d:/electronics/tools/atmel/7.0/toolchain/avr8/avr8-gnu-toolchain/bin/../lib/gcc/avr/4.9.2/../../../../avr/lib/avr4\libm.a(fp_zero.o)
                              d:/electronics/tools/atmel/7.0/toolchain/avr8/avr8-gnu-toolchain/bin/../lib/gcc/avr/4.9.2/../../../../avr/lib/avr4\libm.a(fixunssfsi.o) (__fp_zero)
d:/electronics/tools/atmel/7.0/toolchain/avr8/avr8-gnu-toolchain/bin/../lib/gcc/avr/4.9.2/../../../../avr/lib/avr4\libm.a(round.o)
                              BathroomController.o (round)
d:/electronics/tools/atmel/7.0/toolchain/avr8/avr8-gnu-toolchain/bin/../lib/gcc/avr/4.9.2/../../../../avr/lib/avr4\libm.a(fp_mintl.o)
                              d:/electronics/tools/atmel/7.0/toolchain/avr8/avr8-gnu-toolchain/bin/../lib/gcc/avr/4.9.2/../../../../avr/lib/avr4\libm.a(round.o) (__fp_mintl)
d:/electronics/tools/atmel/7.0/toolchain/avr8/avr8-gnu-toolchain/bin/../lib/gcc/avr/4.9.2/../../../../avr/lib/avr4\libm.a(fp_mpack.o)
                              d:/electronics/tools/atmel/7.0/toolchain/avr8/avr8-gnu-toolchain/bin/../lib/gcc/avr/4.9.2/../../../../avr/lib/avr4\libm.a(round.o) (__fp_mpack)
d:/electronics/tools/atmel/7.0/toolchain/avr8/avr8-gnu-toolchain/bin/../lib/gcc/avr/4.9.2/avr4\libgcc.a(_udivmodhi4.o)
                              BathroomController.o (__udivmodhi4)
d:/electronics/tools/atmel/7.0/toolchain/avr8/avr8-gnu-toolchain/bin/../lib/gcc/avr/4.9.2/avr4\libgcc.a(_divmodhi4.o)
                              lcd.o (__divmodhi4)
d:/electronics/tools/atmel/7.0/toolchain/avr8/avr8-gnu-toolchain/bin/../lib/gcc/avr/4.9.2/avr4\libgcc.a(_exit.o)
                              D:/Electronics/Tools/Atmel/7.0/Packs/atmel/ATmega_DFP/1.0.106/gcc/dev/atmega88/avr4/crtatmega88.o (exit)
d:/electronics/tools/atmel/7.0/toolchain/avr8/avr8-gnu-toolchain/bin/../lib/gcc/avr/4.9.2/avr4\libgcc.a(_copy_data.o)
                              BathroomController.o (__do_copy_data)
d:/electronics/tools/atmel/7.0/toolchain/avr8/avr8-gnu-toolchain/bin/../lib/gcc/avr/4.9.2/avr4\libgcc.a(_clear_bss.o)
                              BathroomController.o (__do_clear_bss)
d:/electronics/tools/atmel/7.0/toolchain/avr8/avr8-gnu-toolchain/bin/../lib/gcc/avr/4.9.2/../../../../avr/lib/avr4\libc.a(strcat.o)
                              BathroomController.o (strcat)
d:/electronics/tools/atmel/7.0/toolchain/avr8/avr8-gnu-toolchain/bin/../lib/gcc/avr/4.9.2/../../../../avr/lib/avr4\libc.a(strcpy.o)
                              BathroomController.o (strcpy)
d:/electronics/tools/atmel/7.0/toolchain/avr8/avr8-gnu-toolchain/bin/../lib/gcc/avr/4.9.2/../../../../avr/lib/avr4\libc.a(itoa_ncheck.o)
                              BathroomController.o (__itoa_ncheck)
d:/electronics/tools/atmel/7.0/toolchain/avr8/avr8-gnu-toolchain/bin/../lib/gcc/avr/4.9.2/../../../../avr/lib/avr4\libc.a(utoa_ncheck.o)
                              d:/electronics/tools/atmel/7.0/toolchain/avr8/avr8-gnu-toolchain/bin/../lib/gcc/avr/4.9.2/../../../../avr/lib/avr4\libc.a(itoa_ncheck.o) (__utoa_common)
d:/electronics/tools/atmel/7.0/toolchain/avr8/avr8-gnu-toolchain/bin/../lib/gcc/avr/4.9.2/../../../../avr/lib/avr4\libc.a(strrev.o)
                              d:/electronics/tools/atmel/7.0/toolchain/avr8/avr8-gnu-toolchain/bin/../lib/gcc/avr/4.9.2/../../../../avr/lib/avr4\libc.a(utoa_ncheck.o) (strrev)
D:/Electronics/Tools/Atmel/7.0/Packs/atmel/ATmega_DFP/1.0.106/gcc/dev/atmega88/avr4\libatmega88.a(eerd_byte.o)
                              BathroomController.o (eeprom_read_byte)
D:/Electronics/Tools/Atmel/7.0/Packs/atmel/ATmega_DFP/1.0.106/gcc/dev/atmega88/avr4\libatmega88.a(eeupd_byte.o)
                              BathroomController.o (eeprom_update_byte)

Discarded input sections

 .data          0x00000000        0x0 D:/Electronics/Tools/Atmel/7.0/Packs/atmel/ATmega_DFP/1.0.106/gcc/dev/atmega88/avr4/crtatmega88.o
 .bss           0x00000000        0x0 D:/Electronics/Tools/Atmel/7.0/Packs/atmel/ATmega_DFP/1.0.106/gcc/dev/atmega88/avr4/crtatmega88.o
 .text          0x00000000        0x0 am2302.o
 .data          0x00000000        0x0 am2302.o
 .bss           0x00000000        0x0 am2302.o
 .text          0x00000000        0x0 BathroomController.o
 .data          0x00000000        0x0 BathroomController.o
 .bss           0x00000000        0x0 BathroomController.o
 .text.onEachFiveSeconds
                0x00000000        0x2 BathroomController.o
 .bss.OneSecondIntervalCounter
                0x00000000        0x1 BathroomController.o
 .bss.LcdUpdateCounter
                0x00000000        0x1 BathroomController.o
 .text          0x00000000        0x0 lcd.o
 .data          0x00000000        0x0 lcd.o
 .bss           0x00000000        0x0 lcd.o
 .text.LCDWriteInt
                0x00000000       0x94 lcd.o
 .text          0x00000000        0x0 d:/electronics/tools/atmel/7.0/toolchain/avr8/avr8-gnu-toolchain/bin/../lib/gcc/avr/4.9.2/../../../../avr/lib/avr4\libm.a(fixunssfsi.o)
 .data          0x00000000        0x0 d:/electronics/tools/atmel/7.0/toolchain/avr8/avr8-gnu-toolchain/bin/../lib/gcc/avr/4.9.2/../../../../avr/lib/avr4\libm.a(fixunssfsi.o)
 .bss           0x00000000        0x0 d:/electronics/tools/atmel/7.0/toolchain/avr8/avr8-gnu-toolchain/bin/../lib/gcc/avr/4.9.2/../../../../avr/lib/avr4\libm.a(fixunssfsi.o)
 .text          0x00000000        0x0 d:/electronics/tools/atmel/7.0/toolchain/avr8/avr8-gnu-toolchain/bin/../lib/gcc/avr/4.9.2/../../../../avr/lib/avr4\libm.a(floatsisf.o)
 .data          0x00000000        0x0 d:/electronics/tools/atmel/7.0/toolchain/avr8/avr8-gnu-toolchain/bin/../lib/gcc/avr/4.9.2/../../../../avr/lib/avr4\libm.a(floatsisf.o)
 .bss           0x00000000        0x0 d:/electronics/tools/atmel/7.0/toolchain/avr8/avr8-gnu-toolchain/bin/../lib/gcc/avr/4.9.2/../../../../avr/lib/avr4\libm.a(floatsisf.o)
 .text          0x00000000        0x0 d:/electronics/tools/atmel/7.0/toolchain/avr8/avr8-gnu-toolchain/bin/../lib/gcc/avr/4.9.2/../../../../avr/lib/avr4\libm.a(fp_split3.o)
 .data          0x00000000        0x0 d:/electronics/tools/atmel/7.0/toolchain/avr8/avr8-gnu-toolchain/bin/../lib/gcc/avr/4.9.2/../../../../avr/lib/avr4\libm.a(fp_split3.o)
 .bss           0x00000000        0x0 d:/electronics/tools/atmel/7.0/toolchain/avr8/avr8-gnu-toolchain/bin/../lib/gcc/avr/4.9.2/../../../../avr/lib/avr4\libm.a(fp_split3.o)
 .text          0x00000000        0x0 d:/electronics/tools/atmel/7.0/toolchain/avr8/avr8-gnu-toolchain/bin/../lib/gcc/avr/4.9.2/../../../../avr/lib/avr4\libm.a(fp_zero.o)
 .data          0x00000000        0x0 d:/electronics/tools/atmel/7.0/toolchain/avr8/avr8-gnu-toolchain/bin/../lib/gcc/avr/4.9.2/../../../../avr/lib/avr4\libm.a(fp_zero.o)
 .bss           0x00000000        0x0 d:/electronics/tools/atmel/7.0/toolchain/avr8/avr8-gnu-toolchain/bin/../lib/gcc/avr/4.9.2/../../../../avr/lib/avr4\libm.a(fp_zero.o)
 .text          0x00000000        0x0 d:/electronics/tools/atmel/7.0/toolchain/avr8/avr8-gnu-toolchain/bin/../lib/gcc/avr/4.9.2/../../../../avr/lib/avr4\libm.a(round.o)
 .data          0x00000000        0x0 d:/electronics/tools/atmel/7.0/toolchain/avr8/avr8-gnu-toolchain/bin/../lib/gcc/avr/4.9.2/../../../../avr/lib/avr4\libm.a(round.o)
 .bss           0x00000000        0x0 d:/electronics/tools/atmel/7.0/toolchain/avr8/avr8-gnu-toolchain/bin/../lib/gcc/avr/4.9.2/../../../../avr/lib/avr4\libm.a(round.o)
 .text          0x00000000        0x0 d:/electronics/tools/atmel/7.0/toolchain/avr8/avr8-gnu-toolchain/bin/../lib/gcc/avr/4.9.2/../../../../avr/lib/avr4\libm.a(fp_mintl.o)
 .data          0x00000000        0x0 d:/electronics/tools/atmel/7.0/toolchain/avr8/avr8-gnu-toolchain/bin/../lib/gcc/avr/4.9.2/../../../../avr/lib/avr4\libm.a(fp_mintl.o)
 .bss           0x00000000        0x0 d:/electronics/tools/atmel/7.0/toolchain/avr8/avr8-gnu-toolchain/bin/../lib/gcc/avr/4.9.2/../../../../avr/lib/avr4\libm.a(fp_mintl.o)
 .text          0x00000000        0x0 d:/electronics/tools/atmel/7.0/toolchain/avr8/avr8-gnu-toolchain/bin/../lib/gcc/avr/4.9.2/../../../../avr/lib/avr4\libm.a(fp_mpack.o)
 .data          0x00000000        0x0 d:/electronics/tools/atmel/7.0/toolchain/avr8/avr8-gnu-toolchain/bin/../lib/gcc/avr/4.9.2/../../../../avr/lib/avr4\libm.a(fp_mpack.o)
 .bss           0x00000000        0x0 d:/electronics/tools/atmel/7.0/toolchain/avr8/avr8-gnu-toolchain/bin/../lib/gcc/avr/4.9.2/../../../../avr/lib/avr4\libm.a(fp_mpack.o)
 .text          0x00000000        0x0 d:/electronics/tools/atmel/7.0/toolchain/avr8/avr8-gnu-toolchain/bin/../lib/gcc/avr/4.9.2/avr4\libgcc.a(_udivmodhi4.o)
 .data          0x00000000        0x0 d:/electronics/tools/atmel/7.0/toolchain/avr8/avr8-gnu-toolchain/bin/../lib/gcc/avr/4.9.2/avr4\libgcc.a(_udivmodhi4.o)
 .bss           0x00000000        0x0 d:/electronics/tools/atmel/7.0/toolchain/avr8/avr8-gnu-toolchain/bin/../lib/gcc/avr/4.9.2/avr4\libgcc.a(_udivmodhi4.o)
 .text.libgcc.mul
                0x00000000        0x0 d:/electronics/tools/atmel/7.0/toolchain/avr8/avr8-gnu-toolchain/bin/../lib/gcc/avr/4.9.2/avr4\libgcc.a(_udivmodhi4.o)
 .text.libgcc   0x00000000        0x0 d:/electronics/tools/atmel/7.0/toolchain/avr8/avr8-gnu-toolchain/bin/../lib/gcc/avr/4.9.2/avr4\libgcc.a(_udivmodhi4.o)
 .text.libgcc.prologue
                0x00000000        0x0 d:/electronics/tools/atmel/7.0/toolchain/avr8/avr8-gnu-toolchain/bin/../lib/gcc/avr/4.9.2/avr4\libgcc.a(_udivmodhi4.o)
 .text.libgcc.builtins
                0x00000000        0x0 d:/electronics/tools/atmel/7.0/toolchain/avr8/avr8-gnu-toolchain/bin/../lib/gcc/avr/4.9.2/avr4\libgcc.a(_udivmodhi4.o)
 .text.libgcc.fmul
                0x00000000        0x0 d:/electronics/tools/atmel/7.0/toolchain/avr8/avr8-gnu-toolchain/bin/../lib/gcc/avr/4.9.2/avr4\libgcc.a(_udivmodhi4.o)
 .text.libgcc.fixed
                0x00000000        0x0 d:/electronics/tools/atmel/7.0/toolchain/avr8/avr8-gnu-toolchain/bin/../lib/gcc/avr/4.9.2/avr4\libgcc.a(_udivmodhi4.o)
 .text          0x00000000        0x0 d:/electronics/tools/atmel/7.0/toolchain/avr8/avr8-gnu-toolchain/bin/../lib/gcc/avr/4.9.2/avr4\libgcc.a(_divmodhi4.o)
 .data          0x00000000        0x0 d:/electronics/tools/atmel/7.0/toolchain/avr8/avr8-gnu-toolchain/bin/../lib/gcc/avr/4.9.2/avr4\libgcc.a(_divmodhi4.o)
 .bss           0x00000000        0x0 d:/electronics/tools/atmel/7.0/toolchain/avr8/avr8-gnu-toolchain/bin/../lib/gcc/avr/4.9.2/avr4\libgcc.a(_divmodhi4.o)
 .text.libgcc.mul
                0x00000000        0x0 d:/electronics/tools/atmel/7.0/toolchain/avr8/avr8-gnu-toolchain/bin/../lib/gcc/avr/4.9.2/avr4\libgcc.a(_divmodhi4.o)
 .text.libgcc.div
                0x00000000       0x26 d:/electronics/tools/atmel/7.0/toolchain/avr8/avr8-gnu-toolchain/bin/../lib/gcc/avr/4.9.2/avr4\libgcc.a(_divmodhi4.o)
 .text.libgcc   0x00000000        0x0 d:/electronics/tools/atmel/7.0/toolchain/avr8/avr8-gnu-toolchain/bin/../lib/gcc/avr/4.9.2/avr4\libgcc.a(_divmodhi4.o)
 .text.libgcc.prologue
                0x00000000        0x0 d:/electronics/tools/atmel/7.0/toolchain/avr8/avr8-gnu-toolchain/bin/../lib/gcc/avr/4.9.2/avr4\libgcc.a(_divmodhi4.o)
 .text.libgcc.builtins
                0x00000000        0x0 d:/electronics/tools/atmel/7.0/toolchain/avr8/avr8-gnu-toolchain/bin/../lib/gcc/avr/4.9.2/avr4\libgcc.a(_divmodhi4.o)
 .text.libgcc.fmul
                0x00000000        0x0 d:/electronics/tools/atmel/7.0/toolchain/avr8/avr8-gnu-toolchain/bin/../lib/gcc/avr/4.9.2/avr4\libgcc.a(_divmodhi4.o)
 .text.libgcc.fixed
                0x00000000        0x0 d:/electronics/tools/atmel/7.0/toolchain/avr8/avr8-gnu-toolchain/bin/../lib/gcc/avr/4.9.2/avr4\libgcc.a(_divmodhi4.o)
 .text          0x00000000        0x0 d:/electronics/tools/atmel/7.0/toolchain/avr8/avr8-gnu-toolchain/bin/../lib/gcc/avr/4.9.2/avr4\libgcc.a(_exit.o)
 .data          0x00000000        0x0 d:/electronics/tools/atmel/7.0/toolchain/avr8/avr8-gnu-toolchain/bin/../lib/gcc/avr/4.9.2/avr4\libgcc.a(_exit.o)
 .bss           0x00000000        0x0 d:/electronics/tools/atmel/7.0/toolchain/avr8/avr8-gnu-toolchain/bin/../lib/gcc/avr/4.9.2/avr4\libgcc.a(_exit.o)
 .text.libgcc.mul
                0x00000000        0x0 d:/electronics/tools/atmel/7.0/toolchain/avr8/avr8-gnu-toolchain/bin/../lib/gcc/avr/4.9.2/avr4\libgcc.a(_exit.o)
 .text.libgcc.div
                0x00000000        0x0 d:/electronics/tools/atmel/7.0/toolchain/avr8/avr8-gnu-toolchain/bin/../lib/gcc/avr/4.9.2/avr4\libgcc.a(_exit.o)
 .text.libgcc   0x00000000        0x0 d:/electronics/tools/atmel/7.0/toolchain/avr8/avr8-gnu-toolchain/bin/../lib/gcc/avr/4.9.2/avr4\libgcc.a(_exit.o)
 .text.libgcc.prologue
                0x00000000        0x0 d:/electronics/tools/atmel/7.0/toolchain/avr8/avr8-gnu-toolchain/bin/../lib/gcc/avr/4.9.2/avr4\libgcc.a(_exit.o)
 .text.libgcc.builtins
                0x00000000        0x0 d:/electronics/tools/atmel/7.0/toolchain/avr8/avr8-gnu-toolchain/bin/../lib/gcc/avr/4.9.2/avr4\libgcc.a(_exit.o)
 .text.libgcc.fmul
                0x00000000        0x0 d:/electronics/tools/atmel/7.0/toolchain/avr8/avr8-gnu-toolchain/bin/../lib/gcc/avr/4.9.2/avr4\libgcc.a(_exit.o)
 .text.libgcc.fixed
                0x00000000        0x0 d:/electronics/tools/atmel/7.0/toolchain/avr8/avr8-gnu-toolchain/bin/../lib/gcc/avr/4.9.2/avr4\libgcc.a(_exit.o)
 .text          0x00000000        0x0 d:/electronics/tools/atmel/7.0/toolchain/avr8/avr8-gnu-toolchain/bin/../lib/gcc/avr/4.9.2/avr4\libgcc.a(_copy_data.o)
 .data          0x00000000        0x0 d:/electronics/tools/atmel/7.0/toolchain/avr8/avr8-gnu-toolchain/bin/../lib/gcc/avr/4.9.2/avr4\libgcc.a(_copy_data.o)
 .bss           0x00000000        0x0 d:/electronics/tools/atmel/7.0/toolchain/avr8/avr8-gnu-toolchain/bin/../lib/gcc/avr/4.9.2/avr4\libgcc.a(_copy_data.o)
 .text.libgcc.mul
                0x00000000        0x0 d:/electronics/tools/atmel/7.0/toolchain/avr8/avr8-gnu-toolchain/bin/../lib/gcc/avr/4.9.2/avr4\libgcc.a(_copy_data.o)
 .text.libgcc.div
                0x00000000        0x0 d:/electronics/tools/atmel/7.0/toolchain/avr8/avr8-gnu-toolchain/bin/../lib/gcc/avr/4.9.2/avr4\libgcc.a(_copy_data.o)
 .text.libgcc   0x00000000        0x0 d:/electronics/tools/atmel/7.0/toolchain/avr8/avr8-gnu-toolchain/bin/../lib/gcc/avr/4.9.2/avr4\libgcc.a(_copy_data.o)
 .text.libgcc.prologue
                0x00000000        0x0 d:/electronics/tools/atmel/7.0/toolchain/avr8/avr8-gnu-toolchain/bin/../lib/gcc/avr/4.9.2/avr4\libgcc.a(_copy_data.o)
 .text.libgcc.builtins
                0x00000000        0x0 d:/electronics/tools/atmel/7.0/toolchain/avr8/avr8-gnu-toolchain/bin/../lib/gcc/avr/4.9.2/avr4\libgcc.a(_copy_data.o)
 .text.libgcc.fmul
                0x00000000        0x0 d:/electronics/tools/atmel/7.0/toolchain/avr8/avr8-gnu-toolchain/bin/../lib/gcc/avr/4.9.2/avr4\libgcc.a(_copy_data.o)
 .text.libgcc.fixed
                0x00000000        0x0 d:/electronics/tools/atmel/7.0/toolchain/avr8/avr8-gnu-toolchain/bin/../lib/gcc/avr/4.9.2/avr4\libgcc.a(_copy_data.o)
 .text          0x00000000        0x0 d:/electronics/tools/atmel/7.0/toolchain/avr8/avr8-gnu-toolchain/bin/../lib/gcc/avr/4.9.2/avr4\libgcc.a(_clear_bss.o)
 .data          0x00000000        0x0 d:/electronics/tools/atmel/7.0/toolchain/avr8/avr8-gnu-toolchain/bin/../lib/gcc/avr/4.9.2/avr4\libgcc.a(_clear_bss.o)
 .bss           0x00000000        0x0 d:/electronics/tools/atmel/7.0/toolchain/avr8/avr8-gnu-toolchain/bin/../lib/gcc/avr/4.9.2/avr4\libgcc.a(_clear_bss.o)
 .text.libgcc.mul
                0x00000000        0x0 d:/electronics/tools/atmel/7.0/toolchain/avr8/avr8-gnu-toolchain/bin/../lib/gcc/avr/4.9.2/avr4\libgcc.a(_clear_bss.o)
 .text.libgcc.div
                0x00000000        0x0 d:/electronics/tools/atmel/7.0/toolchain/avr8/avr8-gnu-toolchain/bin/../lib/gcc/avr/4.9.2/avr4\libgcc.a(_clear_bss.o)
 .text.libgcc   0x00000000        0x0 d:/electronics/tools/atmel/7.0/toolchain/avr8/avr8-gnu-toolchain/bin/../lib/gcc/avr/4.9.2/avr4\libgcc.a(_clear_bss.o)
 .text.libgcc.prologue
                0x00000000        0x0 d:/electronics/tools/atmel/7.0/toolchain/avr8/avr8-gnu-toolchain/bin/../lib/gcc/avr/4.9.2/avr4\libgcc.a(_clear_bss.o)
 .text.libgcc.builtins
                0x00000000        0x0 d:/electronics/tools/atmel/7.0/toolchain/avr8/avr8-gnu-toolchain/bin/../lib/gcc/avr/4.9.2/avr4\libgcc.a(_clear_bss.o)
 .text.libgcc.fmul
                0x00000000        0x0 d:/electronics/tools/atmel/7.0/toolchain/avr8/avr8-gnu-toolchain/bin/../lib/gcc/avr/4.9.2/avr4\libgcc.a(_clear_bss.o)
 .text.libgcc.fixed
                0x00000000        0x0 d:/electronics/tools/atmel/7.0/toolchain/avr8/avr8-gnu-toolchain/bin/../lib/gcc/avr/4.9.2/avr4\libgcc.a(_clear_bss.o)
 .text          0x00000000        0x0 d:/electronics/tools/atmel/7.0/toolchain/avr8/avr8-gnu-toolchain/bin/../lib/gcc/avr/4.9.2/../../../../avr/lib/avr4\libc.a(strcat.o)
 .data          0x00000000        0x0 d:/electronics/tools/atmel/7.0/toolchain/avr8/avr8-gnu-toolchain/bin/../lib/gcc/avr/4.9.2/../../../../avr/lib/avr4\libc.a(strcat.o)
 .bss           0x00000000        0x0 d:/electronics/tools/atmel/7.0/toolchain/avr8/avr8-gnu-toolchain/bin/../lib/gcc/avr/4.9.2/../../../../avr/lib/avr4\libc.a(strcat.o)
 .text          0x00000000        0x0 d:/electronics/tools/atmel/7.0/toolchain/avr8/avr8-gnu-toolchain/bin/../lib/gcc/avr/4.9.2/../../../../avr/lib/avr4\libc.a(strcpy.o)
 .data          0x00000000        0x0 d:/electronics/tools/atmel/7.0/toolchain/avr8/avr8-gnu-toolchain/bin/../lib/gcc/avr/4.9.2/../../../../avr/lib/avr4\libc.a(strcpy.o)
 .bss           0x00000000        0x0 d:/electronics/tools/atmel/7.0/toolchain/avr8/avr8-gnu-toolchain/bin/../lib/gcc/avr/4.9.2/../../../../avr/lib/avr4\libc.a(strcpy.o)
 .text          0x00000000        0x0 d:/electronics/tools/atmel/7.0/toolchain/avr8/avr8-gnu-toolchain/bin/../lib/gcc/avr/4.9.2/../../../../avr/lib/avr4\libc.a(itoa_ncheck.o)
 .data          0x00000000        0x0 d:/electronics/tools/atmel/7.0/toolchain/avr8/avr8-gnu-toolchain/bin/../lib/gcc/avr/4.9.2/../../../../avr/lib/avr4\libc.a(itoa_ncheck.o)
 .bss           0x00000000        0x0 d:/electronics/tools/atmel/7.0/toolchain/avr8/avr8-gnu-toolchain/bin/../lib/gcc/avr/4.9.2/../../../../avr/lib/avr4\libc.a(itoa_ncheck.o)
 .text          0x00000000        0x0 d:/electronics/tools/atmel/7.0/toolchain/avr8/avr8-gnu-toolchain/bin/../lib/gcc/avr/4.9.2/../../../../avr/lib/avr4\libc.a(utoa_ncheck.o)
 .data          0x00000000        0x0 d:/electronics/tools/atmel/7.0/toolchain/avr8/avr8-gnu-toolchain/bin/../lib/gcc/avr/4.9.2/../../../../avr/lib/avr4\libc.a(utoa_ncheck.o)
 .bss           0x00000000        0x0 d:/electronics/tools/atmel/7.0/toolchain/avr8/avr8-gnu-toolchain/bin/../lib/gcc/avr/4.9.2/../../../../avr/lib/avr4\libc.a(utoa_ncheck.o)
 .text          0x00000000        0x0 d:/electronics/tools/atmel/7.0/toolchain/avr8/avr8-gnu-toolchain/bin/../lib/gcc/avr/4.9.2/../../../../avr/lib/avr4\libc.a(strrev.o)
 .data          0x00000000        0x0 d:/electronics/tools/atmel/7.0/toolchain/avr8/avr8-gnu-toolchain/bin/../lib/gcc/avr/4.9.2/../../../../avr/lib/avr4\libc.a(strrev.o)
 .bss           0x00000000        0x0 d:/electronics/tools/atmel/7.0/toolchain/avr8/avr8-gnu-toolchain/bin/../lib/gcc/avr/4.9.2/../../../../avr/lib/avr4\libc.a(strrev.o)
 .text          0x00000000        0x0 D:/Electronics/Tools/Atmel/7.0/Packs/atmel/ATmega_DFP/1.0.106/gcc/dev/atmega88/avr4\libatmega88.a(eerd_byte.o)
 .data          0x00000000        0x0 D:/Electronics/Tools/Atmel/7.0/Packs/atmel/ATmega_DFP/1.0.106/gcc/dev/atmega88/avr4\libatmega88.a(eerd_byte.o)
 .bss           0x00000000        0x0 D:/Electronics/Tools/Atmel/7.0/Packs/atmel/ATmega_DFP/1.0.106/gcc/dev/atmega88/avr4\libatmega88.a(eerd_byte.o)
 .text          0x00000000        0x0 D:/Electronics/Tools/Atmel/7.0/Packs/atmel/ATmega_DFP/1.0.106/gcc/dev/atmega88/avr4\libatmega88.a(eeupd_byte.o)
 .data          0x00000000        0x0 D:/Electronics/Tools/Atmel/7.0/Packs/atmel/ATmega_DFP/1.0.106/gcc/dev/atmega88/avr4\libatmega88.a(eeupd_byte.o)
 .bss           0x00000000        0x0 D:/Electronics/Tools/Atmel/7.0/Packs/atmel/ATmega_DFP/1.0.106/gcc/dev/atmega88/avr4\libatmega88.a(eeupd_byte.o)

Memory Configuration

Name             Origin             Length             Attributes
text             0x00000000         0x00002000         xr
data             0x00800060         0x0000ffa0         rw !x
eeprom           0x00810000         0x00010000         rw !x
fuse             0x00820000         0x00000400         rw !x
lock             0x00830000         0x00000400         rw !x
signature        0x00840000         0x00000400         rw !x
user_signatures  0x00850000         0x00000400         rw !x
*default*        0x00000000         0xffffffff

Linker script and memory map

Address of section .data set to 0x800100
LOAD D:/Electronics/Tools/Atmel/7.0/Packs/atmel/ATmega_DFP/1.0.106/gcc/dev/atmega88/avr4/crtatmega88.o
LOAD am2302.o
LOAD BathroomController.o
LOAD lcd.o
START GROUP
LOAD d:/electronics/tools/atmel/7.0/toolchain/avr8/avr8-gnu-toolchain/bin/../lib/gcc/avr/4.9.2/../../../../avr/lib/avr4\libm.a
END GROUP
START GROUP
LOAD d:/electronics/tools/atmel/7.0/toolchain/avr8/avr8-gnu-toolchain/bin/../lib/gcc/avr/4.9.2/avr4\libgcc.a
LOAD d:/electronics/tools/atmel/7.0/toolchain/avr8/avr8-gnu-toolchain/bin/../lib/gcc/avr/4.9.2/../../../../avr/lib/avr4\libm.a
LOAD d:/electronics/tools/atmel/7.0/toolchain/avr8/avr8-gnu-toolchain/bin/../lib/gcc/avr/4.9.2/../../../../avr/lib/avr4\libc.a
LOAD D:/Electronics/Tools/Atmel/7.0/Packs/atmel/ATmega_DFP/1.0.106/gcc/dev/atmega88/avr4\libatmega88.a
END GROUP
                0x00002000                __TEXT_REGION_LENGTH__ = DEFINED (__TEXT_REGION_LENGTH__)?__TEXT_REGION_LENGTH__:0x2000
                0x0000ffa0                __DATA_REGION_LENGTH__ = DEFINED (__DATA_REGION_LENGTH__)?__DATA_REGION_LENGTH__:0xffa0
                0x00010000                __EEPROM_REGION_LENGTH__ = DEFINED (__EEPROM_REGION_LENGTH__)?__EEPROM_REGION_LENGTH__:0x10000
                0x00000400                __FUSE_REGION_LENGTH__ = DEFINED (__FUSE_REGION_LENGTH__)?__FUSE_REGION_LENGTH__:0x400
                0x00000400                __LOCK_REGION_LENGTH__ = DEFINED (__LOCK_REGION_LENGTH__)?__LOCK_REGION_LENGTH__:0x400
                0x00000400                __SIGNATURE_REGION_LENGTH__ = DEFINED (__SIGNATURE_REGION_LENGTH__)?__SIGNATURE_REGION_LENGTH__:0x400
                0x00000400                __USER_SIGNATURE_REGION_LENGTH__ = DEFINED (__USER_SIGNATURE_REGION_LENGTH__)?__USER_SIGNATURE_REGION_LENGTH__:0x400

.hash
 *(.hash)

.dynsym
 *(.dynsym)

.dynstr
 *(.dynstr)

.gnu.version
 *(.gnu.version)

.gnu.version_d
 *(.gnu.version_d)

.gnu.version_r
 *(.gnu.version_r)

.rel.init
 *(.rel.init)

.rela.init
 *(.rela.init)

.rel.text
 *(.rel.text)
 *(.rel.text.*)
 *(.rel.gnu.linkonce.t*)

.rela.text
 *(.rela.text)
 *(.rela.text.*)
 *(.rela.gnu.linkonce.t*)

.rel.fini
 *(.rel.fini)

.rela.fini
 *(.rela.fini)

.rel.rodata
 *(.rel.rodata)
 *(.rel.rodata.*)
 *(.rel.gnu.linkonce.r*)

.rela.rodata
 *(.rela.rodata)
 *(.rela.rodata.*)
 *(.rela.gnu.linkonce.r*)

.rel.data
 *(.rel.data)
 *(.rel.data.*)
 *(.rel.gnu.linkonce.d*)

.rela.data
 *(.rela.data)
 *(.rela.data.*)
 *(.rela.gnu.linkonce.d*)

.rel.ctors
 *(.rel.ctors)

.rela.ctors
 *(.rela.ctors)

.rel.dtors
 *(.rel.dtors)

.rela.dtors
 *(.rela.dtors)

.rel.got
 *(.rel.got)

.rela.got
 *(.rela.got)

.rel.bss
 *(.rel.bss)

.rela.bss
 *(.rela.bss)

.rel.plt
 *(.rel.plt)

.rela.plt
 *(.rela.plt)

.text           0x00000000      0xeca
 *(.vectors)
 .vectors       0x00000000       0x34 D:/Electronics/Tools/Atmel/7.0/Packs/atmel/ATmega_DFP/1.0.106/gcc/dev/atmega88/avr4/crtatmega88.o
                0x00000000                __vector_default
                0x00000000                __vectors
 *(.vectors)
 *(.progmem.gcc*)
                0x00000034                . = ALIGN (0x2)
                0x00000034                __trampolines_start = .
 *(.trampolines)
 .trampolines   0x00000034        0x0 linker stubs
 *(.trampolines*)
                0x00000034                __trampolines_end = .
 *libprintf_flt.a:*(.progmem.data)
 *libc.a:*(.progmem.data)
 *(.progmem*)
                0x00000034                . = ALIGN (0x2)
 *(.jumptables)
 *(.jumptables*)
 *(.lowtext)
 *(.lowtext*)
                0x00000034                __ctors_start = .
 *(.ctors)
                0x00000034                __ctors_end = .
                0x00000034                __dtors_start = .
 *(.dtors)
                0x00000034                __dtors_end = .
 SORT(*)(.ctors)
 SORT(*)(.dtors)
 *(.init0)
 .init0         0x00000034        0x0 D:/Electronics/Tools/Atmel/7.0/Packs/atmel/ATmega_DFP/1.0.106/gcc/dev/atmega88/avr4/crtatmega88.o
                0x00000034                __init
 *(.init0)
 *(.init1)
 *(.init1)
 *(.init2)
 .init2         0x00000034        0xc D:/Electronics/Tools/Atmel/7.0/Packs/atmel/ATmega_DFP/1.0.106/gcc/dev/atmega88/avr4/crtatmega88.o
 *(.init2)
 *(.init3)
 *(.init3)
 *(.init4)
 .init4         0x00000040       0x16 d:/electronics/tools/atmel/7.0/toolchain/avr8/avr8-gnu-toolchain/bin/../lib/gcc/avr/4.9.2/avr4\libgcc.a(_copy_data.o)
                0x00000040                __do_copy_data
 .init4         0x00000056       0x10 d:/electronics/tools/atmel/7.0/toolchain/avr8/avr8-gnu-toolchain/bin/../lib/gcc/avr/4.9.2/avr4\libgcc.a(_clear_bss.o)
                0x00000056                __do_clear_bss
 *(.init4)
 *(.init5)
 *(.init5)
 *(.init6)
 *(.init6)
 *(.init7)
 *(.init7)
 *(.init8)
 *(.init8)
 *(.init9)
 .init9         0x00000066        0x4 D:/Electronics/Tools/Atmel/7.0/Packs/atmel/ATmega_DFP/1.0.106/gcc/dev/atmega88/avr4/crtatmega88.o
 *(.init9)
 *(.text)
 .text          0x0000006a        0x2 D:/Electronics/Tools/Atmel/7.0/Packs/atmel/ATmega_DFP/1.0.106/gcc/dev/atmega88/avr4/crtatmega88.o
                0x0000006a                __vector_22
                0x0000006a                __vector_1
                0x0000006a                __vector_24
                0x0000006a                __vector_12
                0x0000006a                __bad_interrupt
                0x0000006a                __vector_6
                0x0000006a                __vector_23
                0x0000006a                __vector_25
                0x0000006a                __vector_13
                0x0000006a                __vector_17
                0x0000006a                __vector_19
                0x0000006a                __vector_7
                0x0000006a                __vector_4
                0x0000006a                __vector_9
                0x0000006a                __vector_2
                0x0000006a                __vector_21
                0x0000006a                __vector_15
                0x0000006a                __vector_8
                0x0000006a                __vector_14
                0x0000006a                __vector_10
                0x0000006a                __vector_16
                0x0000006a                __vector_18
                0x0000006a                __vector_20
                0x0000006c                . = ALIGN (0x2)
 *(.text.*)
 .text.am2302   0x0000006c      0x138 am2302.o
                0x0000006c                am2302
 .text.checkPinIntterupt
                0x000001a4       0x5e BathroomController.o
                0x000001a4                checkPinIntterupt
 .text.startVentilation
                0x00000202        0xc BathroomController.o
                0x00000202                startVentilation
 .text.stopVentilation
                0x0000020e        0x4 BathroomController.o
                0x0000020e                stopVentilation
 .text.lightOn  0x00000212       0x12 BathroomController.o
                0x00000212                lightOn
 .text.lightOff
                0x00000224        0x6 BathroomController.o
                0x00000224                lightOff
 .text.changeRoomMode
                0x0000022a       0x3a BathroomController.o
 .text.onMovementRegister
                0x00000264       0x44 BathroomController.o
 .text.updateIntimLightMode
                0x000002a8        0xa BathroomController.o
                0x000002a8                updateIntimLightMode
 .text.initLCD  0x000002b2       0x16 BathroomController.o
                0x000002b2                initLCD
 .text.initHumidityValue
                0x000002c8       0x22 BathroomController.o
                0x000002c8                initHumidityValue
 .text.humiditySettingsUpdate
                0x000002ea       0x22 BathroomController.o
                0x000002ea                humiditySettingsUpdate
 .text.updateHumidityValue
                0x0000030c       0x62 BathroomController.o
                0x0000030c                updateHumidityValue
 .text.checkVentilation
                0x0000036e       0x80 BathroomController.o
                0x0000036e                checkVentilation
 .text.checkRoomModesAndIntervals
                0x000003ee       0x40 BathroomController.o
                0x000003ee                checkRoomModesAndIntervals
 .text.showHelloMessage
                0x0000042e       0x74 BathroomController.o
                0x0000042e                showHelloMessage
 .text.initDevices
                0x000004a2       0x4e BathroomController.o
                0x000004a2                initDevices
 .text.initTimer
                0x000004f0       0x2e BathroomController.o
                0x000004f0                initTimer
 .text.__vector_3
                0x0000051e      0x10c BathroomController.o
                0x0000051e                __vector_3
 .text.__vector_5
                0x0000062a       0x88 BathroomController.o
                0x0000062a                __vector_5
 .text.onEachTwoSeconds
                0x000006b2       0x1a BathroomController.o
                0x000006b2                onEachTwoSeconds
 .text.onEachSecond
                0x000006cc      0x134 BathroomController.o
                0x000006cc                onEachSecond
 .text.__vector_11
                0x00000800       0x74 BathroomController.o
                0x00000800                __vector_11
 .text.startup.main
                0x00000874      0x220 BathroomController.o
                0x00000874                main
 .text.LCDBusyLoop
                0x00000a94       0x4c lcd.o
                0x00000a94                LCDBusyLoop
 .text.LCDByte  0x00000ae0       0x50 lcd.o
                0x00000ae0                LCDByte
 .text.LCDInit  0x00000b30       0x92 lcd.o
                0x00000b30                LCDInit
 .text.LCDWriteString
                0x00000bc2       0x46 lcd.o
                0x00000bc2                LCDWriteString
 .text.LCDGotoXY
                0x00000c08       0x22 lcd.o
                0x00000c08                LCDGotoXY
 .text.avr-libc.fplib
                0x00000c2a       0x58 d:/electronics/tools/atmel/7.0/toolchain/avr8/avr8-gnu-toolchain/bin/../lib/gcc/avr/4.9.2/../../../../avr/lib/avr4\libm.a(fixunssfsi.o)
                0x00000c2a                __fixunssfsi
 .text.avr-libc.fplib
                0x00000c82       0x7a d:/electronics/tools/atmel/7.0/toolchain/avr8/avr8-gnu-toolchain/bin/../lib/gcc/avr/4.9.2/../../../../avr/lib/avr4\libm.a(floatsisf.o)
                0x00000c82                __floatunsisf
                0x00000c86                __floatsisf
 .text.avr-libc.fplib
                0x00000cfc       0x44 d:/electronics/tools/atmel/7.0/toolchain/avr8/avr8-gnu-toolchain/bin/../lib/gcc/avr/4.9.2/../../../../avr/lib/avr4\libm.a(fp_split3.o)
                0x00000cfc                __fp_split3
                0x00000d0c                __fp_splitA
 .text.avr-libc.fplib
                0x00000d40        0xe d:/electronics/tools/atmel/7.0/toolchain/avr8/avr8-gnu-toolchain/bin/../lib/gcc/avr/4.9.2/../../../../avr/lib/avr4\libm.a(fp_zero.o)
                0x00000d40                __fp_zero
                0x00000d42                __fp_szero
 .text.avr-libc.fplib
                0x00000d4e       0x40 d:/electronics/tools/atmel/7.0/toolchain/avr8/avr8-gnu-toolchain/bin/../lib/gcc/avr/4.9.2/../../../../avr/lib/avr4\libm.a(round.o)
                0x00000d4e                round
 .text.avr-libc.fplib
                0x00000d8e       0x36 d:/electronics/tools/atmel/7.0/toolchain/avr8/avr8-gnu-toolchain/bin/../lib/gcc/avr/4.9.2/../../../../avr/lib/avr4\libm.a(fp_mintl.o)
                0x00000d8e                __fp_mintl
 .text.avr-libc.fplib
                0x00000dc4       0x1c d:/electronics/tools/atmel/7.0/toolchain/avr8/avr8-gnu-toolchain/bin/../lib/gcc/avr/4.9.2/../../../../avr/lib/avr4\libm.a(fp_mpack.o)
                0x00000dc4                __fp_mpack
                0x00000dc8                __fp_mpack_finite
 .text.libgcc.div
                0x00000de0       0x28 d:/electronics/tools/atmel/7.0/toolchain/avr8/avr8-gnu-toolchain/bin/../lib/gcc/avr/4.9.2/avr4\libgcc.a(_udivmodhi4.o)
                0x00000de0                __udivmodhi4
 .text.avr-libc
                0x00000e08       0x16 d:/electronics/tools/atmel/7.0/toolchain/avr8/avr8-gnu-toolchain/bin/../lib/gcc/avr/4.9.2/../../../../avr/lib/avr4\libc.a(strcat.o)
                0x00000e08                strcat
 .text.avr-libc
                0x00000e1e        0xe d:/electronics/tools/atmel/7.0/toolchain/avr8/avr8-gnu-toolchain/bin/../lib/gcc/avr/4.9.2/../../../../avr/lib/avr4\libc.a(strcpy.o)
                0x00000e1e                strcpy
 .text.avr-libc
                0x00000e2c       0x14 d:/electronics/tools/atmel/7.0/toolchain/avr8/avr8-gnu-toolchain/bin/../lib/gcc/avr/4.9.2/../../../../avr/lib/avr4\libc.a(itoa_ncheck.o)
                0x00000e2c                __itoa_ncheck
 .text.avr-libc
                0x00000e40       0x32 d:/electronics/tools/atmel/7.0/toolchain/avr8/avr8-gnu-toolchain/bin/../lib/gcc/avr/4.9.2/../../../../avr/lib/avr4\libc.a(utoa_ncheck.o)
                0x00000e40                __utoa_ncheck
                0x00000e42                __utoa_common
 .text.avr-libc
                0x00000e72       0x20 d:/electronics/tools/atmel/7.0/toolchain/avr8/avr8-gnu-toolchain/bin/../lib/gcc/avr/4.9.2/../../../../avr/lib/avr4\libc.a(strrev.o)
                0x00000e72                strrev
 .text.avr-libc
                0x00000e92       0x10 D:/Electronics/Tools/Atmel/7.0/Packs/atmel/ATmega_DFP/1.0.106/gcc/dev/atmega88/avr4\libatmega88.a(eerd_byte.o)
                0x00000e92                eeprom_read_byte
 .text.avr-libc
                0x00000ea2       0x24 D:/Electronics/Tools/Atmel/7.0/Packs/atmel/ATmega_DFP/1.0.106/gcc/dev/atmega88/avr4\libatmega88.a(eeupd_byte.o)
                0x00000ea2                eeprom_update_byte
                0x00000ea4                eeprom_update_r18
                0x00000ec6                . = ALIGN (0x2)
 *(.fini9)
 .fini9         0x00000ec6        0x0 d:/electronics/tools/atmel/7.0/toolchain/avr8/avr8-gnu-toolchain/bin/../lib/gcc/avr/4.9.2/avr4\libgcc.a(_exit.o)
                0x00000ec6                _exit
                0x00000ec6                exit
 *(.fini9)
 *(.fini8)
 *(.fini8)
 *(.fini7)
 *(.fini7)
 *(.fini6)
 *(.fini6)
 *(.fini5)
 *(.fini5)
 *(.fini4)
 *(.fini4)
 *(.fini3)
 *(.fini3)
 *(.fini2)
 *(.fini2)
 *(.fini1)
 *(.fini1)
 *(.fini0)
 .fini0         0x00000ec6        0x4 d:/electronics/tools/atmel/7.0/toolchain/avr8/avr8-gnu-toolchain/bin/../lib/gcc/avr/4.9.2/avr4\libgcc.a(_exit.o)
 *(.fini0)
                0x00000eca                _etext = .

.data           0x00800100       0x92 load address 0x00000eca
                0x00800100                PROVIDE (__data_start, .)
 *(.data)
 *(.data*)
 .data.MotionSensorDelayCounter_2
                0x00800100        0x1 BathroomController.o
 .data.MotionSensorDelayCounter_1
                0x00800101        0x1 BathroomController.o
 .data.CommonState
                0x00800102        0x1 BathroomController.o
 .data.__cgram  0x00800103       0x40 lcd.o
                0x00800103                __cgram
 *(.rodata)
 *(.rodata*)
 .rodata.str1.1
                0x00800143       0x15 BathroomController.o
                                 0x21 (size before relaxing)
 .rodata.GO_MODE_SUFFIX
                0x00800158        0x4 BathroomController.o
                0x00800158                GO_MODE_SUFFIX
 .rodata.IN_MODE_SUFFIX
                0x0080015c        0x4 BathroomController.o
                0x0080015c                IN_MODE_SUFFIX
 .rodata.OUT_MODE_SUFFIX
                0x00800160        0x4 BathroomController.o
                0x00800160                OUT_MODE_SUFFIX
 .rodata.ERROR_PREFIX
                0x00800164        0x7 BathroomController.o
                0x00800164                ERROR_PREFIX
 .rodata.DOOR_SUFFIX
                0x0080016b        0x6 BathroomController.o
                0x0080016b                DOOR_SUFFIX
 .rodata.MOTION_SUFFIX
                0x00800171        0x8 BathroomController.o
                0x00800171                MOTION_SUFFIX
 .rodata.VERSION_PREFIX
                0x00800179        0xa BathroomController.o
                0x00800179                VERSION_PREFIX
 .rodata.HELLO_MSG
                0x00800183        0xf BathroomController.o
                0x00800183                HELLO_MSG
 *(.gnu.linkonce.d*)
                0x00800192                . = ALIGN (0x2)
                0x00800192                _edata = .
                0x00800192                PROVIDE (__data_end, .)

.bss            0x00800192       0x19
                0x00800192                PROVIDE (__bss_start, .)
 *(.bss)
 *(.bss*)
 .bss.FiveSecondsCounter
                0x00800192        0x1 BathroomController.o
 .bss.TwoSecondsCounter
                0x00800193        0x1 BathroomController.o
 .bss.IntimLightCommandCounter
                0x00800194        0x1 BathroomController.o
 .bss.ReinitLcdCounter
                0x00800195        0x2 BathroomController.o
 .bss.EventDisplayCounter
                0x00800197        0x1 BathroomController.o
 .bss.HumidityUpdateCounter
                0x00800198        0x1 BathroomController.o
 .bss.HumidityEepromUpdateCounter
                0x00800199        0x2 BathroomController.o
 .bss.VentWorkingCounter
                0x0080019b        0x2 BathroomController.o
 .bss.EventRegister
                0x0080019d        0x1 BathroomController.o
                0x0080019d                EventRegister
 .bss.CurrentHumiditySensorErrorCode
                0x0080019e        0x1 BathroomController.o
                0x0080019e                CurrentHumiditySensorErrorCode
 .bss.CurrentHumiditySensorStatus
                0x0080019f        0x1 BathroomController.o
                0x0080019f                CurrentHumiditySensorStatus
 .bss.CurrentTemperatureValue
                0x008001a0        0x2 BathroomController.o
                0x008001a0                CurrentTemperatureValue
 .bss.CurrentHumidityValue
                0x008001a2        0x1 BathroomController.o
                0x008001a2                CurrentHumidityValue
 .bss.HumiditySettings
                0x008001a3        0x1 BathroomController.o
 .bss.SomebodyInWithoutMotionDelayCounter
                0x008001a4        0x2 BathroomController.o
 .bss.SomebodyInTimeCounter
                0x008001a6        0x2 BathroomController.o
 .bss.LastActivityTimeCounter
                0x008001a8        0x2 BathroomController.o
 .bss.RoomMode  0x008001aa        0x1 BathroomController.o
 *(COMMON)
                0x008001ab                PROVIDE (__bss_end, .)
                0x00000eca                __data_load_start = LOADADDR (.data)
                0x00000f5c                __data_load_end = (__data_load_start + SIZEOF (.data))

.noinit         0x008001ab        0x0
                [!provide]                PROVIDE (__noinit_start, .)
 *(.noinit*)
                [!provide]                PROVIDE (__noinit_end, .)
                0x008001ab                _end = .
                [!provide]                PROVIDE (__heap_start, .)

.eeprom         0x00810000        0x1
 *(.eeprom*)
 .eeprom        0x00810000        0x1 BathroomController.o
                0x00810000                HumiditySettingsAddr
                0x00810001                __eeprom_end = .

.fuse
 *(.fuse)
 *(.lfuse)
 *(.hfuse)
 *(.efuse)

.lock
 *(.lock*)

.signature
 *(.signature*)

.user_signatures
 *(.user_signatures*)

.stab
 *(.stab)

.stabstr
 *(.stabstr)

.stab.excl
 *(.stab.excl)

.stab.exclstr
 *(.stab.exclstr)

.stab.index
 *(.stab.index)

.stab.indexstr
 *(.stab.indexstr)

.comment        0x00000000       0x30
 *(.comment)
 .comment       0x00000000       0x30 am2302.o
                                 0x31 (size before relaxing)
 .comment       0x00000030       0x31 BathroomController.o
 .comment       0x00000030       0x31 lcd.o

.note.gnu.avr.deviceinfo
                0x00000000       0x3c
 .note.gnu.avr.deviceinfo
                0x00000000       0x3c D:/Electronics/Tools/Atmel/7.0/Packs/atmel/ATmega_DFP/1.0.106/gcc/dev/atmega88/avr4/crtatmega88.o

.note.gnu.build-id
 *(.note.gnu.build-id)

.debug
 *(.debug)

.line
 *(.line)

.debug_srcinfo
 *(.debug_srcinfo)

.debug_sfnames
 *(.debug_sfnames)

.debug_aranges
 *(.debug_aranges)

.debug_pubnames
 *(.debug_pubnames)

.debug_info
 *(.debug_info .gnu.linkonce.wi.*)

.debug_abbrev
 *(.debug_abbrev)

.debug_line
 *(.debug_line .debug_line.* .debug_line_end)

.debug_frame
 *(.debug_frame)

.debug_str
 *(.debug_str)

.debug_loc
 *(.debug_loc)

.debug_macinfo
 *(.debug_macinfo)

.debug_weaknames
 *(.debug_weaknames)

.debug_funcnames
 *(.debug_funcnames)

.debug_typenames
 *(.debug_typenames)

.debug_varnames
 *(.debug_varnames)

.debug_pubtypes
 *(.debug_pubtypes)

.debug_ranges
 *(.debug_ranges)

.debug_macro
 *(.debug_macro)
OUTPUT(BathroomController.elf elf32-avr)
LOAD linker stubs
